// Jest Snapshot v1, https://goo.gl/fbAQLP

exports[`<Section /> should match snapshot 1`] = `
.c0 {
  display: flex;
  align-items: center;
  justify-content: center;
  width: 100%;
  min-height: 100vh;
  background-color: #FFFFFF;
}

.c1 {
  max-width: 1200px;
  padding: 30px;
}

<div>
  <section
    class="c0"
  >
    <article
      class="c1"
    >
      Children
    </article>
  </section>
</div>
`;
