// Jest Snapshot v1, https://goo.gl/fbAQLP

exports[`<Navbar /> should match snapshot 1`] = `
.c5 {
  display: inline-block;
  vertical-align: middle;
  overflow: hidden;
}

.c0 {
  display: flex;
  flex-flow: row;
  justify-content: space-between;
  align-items: center;
  width: 100%;
  max-width: 1200px;
  margin: 0 auto;
  padding: 10px 0;
}

.c2 {
  display: flex;
  flex-flow: row wrap;
  list-style: none;
  transition: height 0.5s linear;
}

.c4 {
  display: none;
  margin: 10px 10px 0 0;
  border: none;
  background: none;
  cursor: pointer;
}

.c6 {
  width: 35px;
  height: 35px;
  color: #0A1128;
}

.c3 {
  display: block;
  padding: 25px;
  font-family: 'Poppins',sans-serif;
  font-size: 1rem;
  color: #0A1128;
  text-decoration: none;
  position: relative;
}

.c3::after {
  content: '';
  position: absolute;
  background: #DC143C;
  left: 25%;
  bottom: 0.75rem;
  width: 50%;
  height: 3px;
  transform: scale(0);
  transition: all 0.4s ease-in-out;
}

.c3:hover::after {
  transform: scale(1);
}

.c1 {
  font-family: 'Montserrat',sans-serif;
  font-size: 1.5rem;
  font-weight: bold;
  color: #0A1128;
  text-decoration: none;
}

.c1 >img {
  min-height: 40px;
  max-height: 50px;
  max-width: 150px;
  min-width: 40px;
}

@media (max-width: 1230px) {
  .c0 {
    padding: 10px 20px;
  }
}

@media (max-width: 768px) {
  .c0 {
    min-height: 100px;
    align-items: center;
    justify-content: center;
  }

  .c0 >button {
    position: absolute;
    top: 20px;
    right: 30px;
  }

  .c0 >a {
    position: absolute;
    top: 30px;
    left: 30px;
  }
}

@media (max-width: 768px) {
  .c2 {
    visibility: hidden;
    opacity: 0;
    height: 0;
    flex-flow: column nowrap;
    justify-content: center;
    text-align: center;
  }
}

@media (max-width: 768px) {
  .c4 {
    display: block;
  }
}

<nav
  class="c0"
>
  <a
    class="c1"
    href="#"
  >
    <img
      alt="Teste"
      src="vite.svg"
    />
  </a>
  <menu
    aria-label="main menu"
    class="c2"
  >
    <li>
      <a
        class="c3"
        href="#"
        target="_self"
      >
        Link 1
      </a>
    </li>
    <li>
      <a
        class="c3"
        href="#"
        target="_self"
      >
        Link 2
      </a>
    </li>
    <li>
      <a
        class="c3"
        href="#"
        target="_self"
      >
        Link 3
      </a>
    </li>
    <li>
      <a
        class="c3"
        href="#"
        target="_self"
      >
        Link 4
      </a>
    </li>
    <li>
      <a
        class="c3"
        href="#"
        target="_self"
      >
        Link 5
      </a>
    </li>
  </menu>
  <button
    aria-label="open menu"
    class="c4"
  >
    <svg
      aria-hidden="true"
      class="c5 c6"
      fill="currentColor"
      focusable="false"
      viewBox="0 0 24 24"
      xmlns="http://www.w3.org/2000/svg"
    >
      <path
        d="M3 18h18v-2H3v2zm0-5h18v-2H3v2zm0-7v2h18V6H3z"
      />
    </svg>
  </button>
</nav>
`;
