// Jest Snapshot v1, https://goo.gl/fbAQLP

exports[`<GridImages /> should match snapshot 1`] = `
.c5 {
  display: grid;
  grid-template-columns: repeat(auto-fill, minmax(280px, 1fr));
  width: 100%;
  gap: 20px;
  margin-top: 50px;
}

.c6 {
  overflow: hidden;
}

.c7 {
  width: 100%;
  transition: all 0.5s ease-in-out;
}

.c7:hover {
  transform: scale(1.2) rotate(5deg);
}

.c0 {
  display: flex;
  align-items: center;
  justify-content: center;
  width: 100%;
  min-height: 100vh;
  padding: 50px 0;
  background-color: #FFFFFF;
}

.c1 {
  max-width: 1200px;
  width: 100%;
  padding: 30px;
}

.c2 {
  margin-bottom: 30px;
}

.c3 {
  color: #0A1128;
  font-size: 3rem;
  margin-bottom: 1rem;
  text-transform: none;
  text-align: center;
}

.c4 {
  font-family: 'Poppins',sans-serif;
  font-size: 1.5rem;
  color: #0A1128;
  text-align: center;
  font-weight: normal;
}

@media (max-width: 768px) {
  .c3 {
    font-size: 2rem;
  }
}

<div>
  <section
    class="c0"
  >
    <article
      class="c1"
    >
      <header
        class="c2"
      >
        <h2
          class="c3"
        >
          Grid Images Example
        </h2>
        <p
          class="c4"
        >
          Uma breve descrição sobre este album
        </p>
      </header>
      <div
        class="c5"
      >
        <div
          class="c6"
        >
          <img
            alt="Imagem 1"
            class="c7"
            src="https://picsum.photos/300?random=1"
          />
        </div>
        <div
          class="c6"
        >
          <img
            alt="Imagem 2"
            class="c7"
            src="https://picsum.photos/300?random=2"
          />
        </div>
        <div
          class="c6"
        >
          <img
            alt="Imagem 3"
            class="c7"
            src="https://picsum.photos/300?random=3"
          />
        </div>
        <div
          class="c6"
        >
          <img
            alt="Imagem 4"
            class="c7"
            src="https://picsum.photos/300?random=4"
          />
        </div>
        <div
          class="c6"
        >
          <img
            alt="Imagem 5"
            class="c7"
            src="https://picsum.photos/300?random=5"
          />
        </div>
        <div
          class="c6"
        >
          <img
            alt="Imagem 6"
            class="c7"
            src="https://picsum.photos/300?random=6"
          />
        </div>
      </div>
    </article>
  </section>
</div>
`;
