// Jest Snapshot v1, https://goo.gl/fbAQLP

exports[`<GridThreeColumns /> should match snapshot 1`] = `
.c2 {
  margin-bottom: 30px;
}

.c4 {
  color: #0A1128;
  font-size: 3rem;
  margin-bottom: 1rem;
  text-transform: uppercase;
  text-align: center;
}

.c8 {
  color: #0A1128;
  font-size: 2rem;
  margin-bottom: 1rem;
  text-transform: none;
}

.c6 {
  display: grid;
  grid-template-columns: repeat(auto-fill, minmax(280px, 1fr));
  counter-reset: grid-counter;
  width: 100%;
  gap: 50px;
}

.c7 {
  margin-top: 80px;
}

.c7 .c3 {
  position: relative;
  left: 4rem;
  margin-bottom: 30px;
}

.c7 .c3::before {
  counter-increment: grid-counter;
  content: counter(grid-counter);
  position: absolute;
  font-size: 5rem;
  top: -2rem;
  left: -4rem;
  transform: rotate(7deg);
}

.c0 {
  display: flex;
  align-items: center;
  justify-content: center;
  width: 100%;
  min-height: 100vh;
  padding: 50px 0;
  background-color: #FFFFFF;
}

.c1 {
  max-width: 1200px;
  width: 100%;
  padding: 30px;
}

.c5 {
  font-family: 'Poppins',sans-serif;
  font-size: 1.5rem;
  color: #0A1128;
  text-align: center;
  font-weight: normal;
}

.c9 {
  font-family: 'Poppins',sans-serif;
  font-size: 1.5rem;
  color: #0A1128;
  text-align: left;
  font-weight: normal;
}

@media (max-width: 768px) {
  .c4 {
    font-size: 2rem;
  }
}

<div>
  <section
    class="c0"
  >
    <article
      class="c1"
    >
      <header
        class="c2"
      >
        <h2
          class="c3 c4"
        >
          Titulo principal
        </h2>
        <p
          class="c5"
        >
          Uma breve descrição desta seção...
        </p>
      </header>
      <div
        class="c6"
      >
        <div
          class="c7"
        >
          <header
            class="c2"
          >
            <h3
              class="c3 c8"
            >
              Primeiro titulo
            </h3>
            <p
              class="c9"
            >
              Lorem ipsum dolor sit amet consectetur adipisicing elit. Sed eos ipsum minima consequatur explicabo doloribus quisquam quaerat, fugit consectetur corrupti deserunt enim magnam sunt repellat fugiat delectus perferendis tempore vel!
            </p>
          </header>
        </div>
        <div
          class="c7"
        >
          <header
            class="c2"
          >
            <h3
              class="c3 c8"
            >
              Segundo titulo
            </h3>
            <p
              class="c9"
            >
              Lorem ipsum dolor sit amet consectetur adipisicing elit. Sed eos ipsum minima consequatur explicabo doloribus quisquam quaerat, fugit consectetur corrupti deserunt enim magnam sunt repellat fugiat delectus perferendis tempore vel!
            </p>
          </header>
        </div>
        <div
          class="c7"
        >
          <header
            class="c2"
          >
            <h3
              class="c3 c8"
            >
              Terceiro titulo
            </h3>
            <p
              class="c9"
            >
              Lorem ipsum dolor sit amet consectetur adipisicing elit. Sed eos ipsum minima consequatur explicabo doloribus quisquam quaerat, fugit consectetur corrupti deserunt enim magnam sunt repellat fugiat delectus perferendis tempore vel!
            </p>
          </header>
        </div>
      </div>
    </article>
  </section>
</div>
`;
